0catch.com
0pk.ru
1bb.ru
2bb.ru
3bb.ru
3dn.ru
4bb.ru
4u.ru
50megs.com
50webs.com
5bb.ru
6bb.ru
70mb.ru
aecru.org
afaik.ru
agava.ru
aha.ru
aiq.ru
al.ru
alfamoon.com
alfaspace.net
alltrades.ru
am9.ru
at.tut.by
at.ua
az.ru
beon.ru
best-host.ru
bip.ru
blog.ru
blogonline.ru
blogs.mail.ru
blogs.privet.ru
blogsome.com
blogspot.com
blogspot.ru
boom.ru
borda.ru
bos.ru
business.site
by.com
by.ru
chat.ru
clan.su
cwx.ru
da.ru
dax.ru
dem.ru
diary.ru
do.am
dtn.ru
e-stile.ru
fanforum.ru
far.ru
fastbb.ru
fatal.ru
flybb.ru
forum24.ru
forumbb.ru
freewebpage.org
fromru.com
fromru.su
front.ru
fsbo.ru
fud.ru
geocities.com
go.ru
h.com.ua
h1.ru
h10.ru
h11.ru
h12.ru
h14.ru
h15.ru
h16.ru
h17.ru
h18.ru
habrahabr.ru
ho.com.ua
ho.ua
hobi.ru
hoha.ru
holm.ru
hop.ru
hostia.ru
hotbox.ru
hoter.ru
hotmail.ru
hut.ru
hut1.ru
hut2.ru
i-nets.ru
iatp.by
id.ru
inc.ru
infobox.ru
io.ua
jamango.ru
jino-net.ru
jino.ru
joy.by
kazan.ws
km.ru
krovatka.su
lact.ru
land.ru
lgg.ru
liveinternet.ru
livejournal.com
lj.rossia.org
loveplanet.ru
lx-host.net
mail15.com
mail333.com
mail333.su
mam.by
mchost.ru
mirahost.ru
moiforum.info
moikrug.ru
moy.su
mp
mpchat.com
my1.ru
mybb.ru
mybb2.ru
mylivepage.ru
mywebpage.netscape.com
na.by
narod.ru
narod2.ru
netangels.ru
newhost.ru
newmail.ru
nextmail.ru
nightmail.ru
nm.ru
novsk.ru
nsknet.ru
of.by
offtop.ru
ok.ru
or.kz
orc.ru
p0.ru
pisem.net
pisem.su
planeta.rambler.ru
pochta.org
pochta.ru
pochtamt.ru
polubomu.ru
pop3.ru
pp.net.ua
pud.ru
r2.ru
rbcmail.ru
ru.ru
russian.ru
rxfly.net
s36.ru
sbn.bz
sitecity.ru
siteedit.ru
sky.ru
smtp.ru
so.kz
sp.ru
spybb.ru
stih.ru
stsland.ru
subs.ru
tel
tilda.ws
tora.ru
tripod.com
tu1.ru
tula.net
tulpar.net
tumblr.com
tut.by
tut.su
ucoz.com
ucoz.kz
ucoz.net
ucoz.ru
ucoz.ua
ukrbiz.net
umi.ru
ur.ru
vio.ru
vip.su
vipcentr.ru
vippochta.ru
vipshop.ru
viptop.ru
vo.uz
vov.ru
wallst.ru
web.ur.ru
webhost.ru
webservis.ru
webstolica.ru
wmsite.ru
wordpress.com
ws.co.ua
x53.ru
xost.ru
ya.ru
yard.ru
yvision.kz
zoob.info
