1.gov.spb.ru
16mb.com
1gb.ru
300.gov.spb.ru
96.lt
abkhazia.su
ac.at
ac.be
ac.id
ac.il
ac.jp
ac.ru
ac.th
ac.uk
acent.gov.spb.ru
acentr.gov.spb.ru
adc.gov.spb.ru
admiral.gov.spb.ru
adygeya.ru
adygeya.su
agmiral.gov.spb.ru
ags.gov.spb.ru
ak.gov.spb.ru
akir.gov.spb.ru
akon.gov.spb.ru
akrns.gov.spb.ru
aktyubinsk.su
altai.ru
amur.ru
amursk.ru
an.md
aorod.gov.spb.ru
appspot.com
aptrg.gov.spb.ru
arkhangelsk.ru
arkhangelsk.su
armenia.su
ashgabad.su
astrakhan.ru
asueds.gov.spb.ru
azerbaijan.su
baikal.ru
balashov.su
bashkiria.ru
bashkiria.su
be.md
belgorod.ru
belgorod.su
besaba.com
bir.ru
biz.ua
bk.gov.spb.ru
bl.md
blackcat.gov.spb.ru
blogspot.be
blogspot.ca
blogspot.ch
blogspot.co.at
blogspot.co.il
blogspot.co.ke
blogspot.co.nz
blogspot.co.uk
blogspot.com.ar
blogspot.com.au
blogspot.com.br
blogspot.com.by
blogspot.com.co
blogspot.com.cy
blogspot.com.eg
blogspot.com.es
blogspot.com.mt
blogspot.com.ng
blogspot.com.tr
blogspot.com.uy
blogspot.cz
blogspot.de
blogspot.dk
blogspot.fi
blogspot.fr
blogspot.gr
blogspot.hu
blogspot.ie
blogspot.in
blogspot.it
blogspot.jp
blogspot.mx
blogspot.nl
blogspot.no
blogspot.pt
blogspot.ro
blogspot.se
blogspot.sg
blogspot.tw
bobr.gov.spb.ru
br.md
brest.by
bryansk.ru
bryansk.su
bs.md
budget.gov.spb.ru
bukhara.su
burg.ru
buryatia.ru
byethost8.com
cbg.ru
cc.md
cc.ua
cedipt.gov.spb.ru
ceip.gov.spb.ru
centr.gov.spb.ru
cg.md
ch.md
chel.ru
chelyabinsk.ru
chernovtsy.ua
chimkent.su
chita.ru
chukotka.ru
chuvashia.ru
cipit.gov.spb.ru
cisp.gov.spb.ru
ck.ua
cl.md
classif.gov.spb.ru
clpit.gov.spb.ru
cm.md
cmw.ru
cn.gov.spb.ru
cn.md
cn.ua
co.id
co.il
co.in
co.jp
co.kr
co.md
co.nz
co.th
co.ua
co.uk
co.za
com.af
com.al
com.ar
com.au
com.bd
com.bh
com.bn
com.bo
com.br
com.by
com.bz
com.cn
com.co
com.com
com.cy
com.de
com.do
com.ec
com.ee
com.eg
com.es
com.et
com.ge
com.gh
com.gr
com.gt
com.hk
com.hr
com.jm
com.kh
com.kw
com.kz
com.lb
com.ly
com.md
com.mk
com.mm
com.mt
com.mx
com.my
com.na
com.ng
com.ni
com.np
com.om
com.pa
com.pe
com.pg
com.ph
com.pk
com.pl
com.pr
com.pt
com.py
com.qa
com.ro
com.ru
com.sa
com.sg
com.sv
com.tn
com.tr
com.tw
com.ua
com.uy
com.vc
com.ve
com.vn
commim.gov.spb.ru
commin.gov.spb.ru
comzakon.gov.spb.ru
cppi.gov.spb.ru
cr.md
crimea.ua
crppr.gov.spb.ru
cs.md
ct.md
cttp.gov.spb.ru
cu.md
cv.ua
dagestan.ru
dagestan.su
dat.gov.spb.ru
data.gov.spb.ru
db.md
dgp51.gov.spb.ru
dn.md
dn.ua
donetsk.ua
dou19peterhofpeter.gov.spb.ru
dp.ua
dr.md
dudina_osznaturv.gov.spb.ru
dudinka.ru
e-burg.ru
east-kazakhstan.su
ed.md
eds.gov.spb.ru
edu.au
edu.ru
edu.ua
el.ru
eng.gov.spb.ru
esir.gov.spb.ru
esk.gov.spb.ru
essk.gov.spb.ru
esy.es
eu.int
exnet.su
expertiza.gov.spb.ru
fareast.ru
fincom.gov.spb.ru
fl.md
fo.ru
formsend.gov.spb.ru
fr.md
frunz.gov.spb.ru
fvds.ru
gati.gov.spb.ru
gb.gov.spb.ru
ge.md
geoclass.gov.spb.ru
georgia.su
gk.gov.spb.ru
gl.md
gmo2014.gov.spb.ru
gne.gov.spb.ru
go.id
gob.ar
gob.gt
gob.mx
gob.pa
gob.pe
gob.sv
gob.ve
golos.gov.spb.ru
gomel.by
gorad.gov.spb.ru
gorid.gov.spb.ru
gorod.gov.spb.ru
gos.gov.spb.ru
gossluzhba.gov.spb.ru
gov.ac
gov.ae
gov.af
gov.ag
gov.ai
gov.al
gov.an
gov.ao
gov.ar
gov.au
gov.aw
gov.az
gov.ba
gov.bb
gov.bd
gov.bf
gov.bh
gov.bi
gov.bm
gov.bn
gov.bo
gov.br
gov.bs
gov.bt
gov.bw
gov.by
gov.bz
gov.cd
gov.ch
gov.ci
gov.ck
gov.cl
gov.cm
gov.cn
gov.co
gov.com
gov.cu
gov.cv
gov.cx
gov.cy
gov.cz
gov.de
gov.dj
gov.dk
gov.dm
gov.do
gov.dz
gov.ec
gov.ee
gov.eg
gov.er
gov.et
gov.fj
gov.fk
gov.fo
gov.gd
gov.gg
gov.gh
gov.gi
gov.gm
gov.gn
gov.gr
gov.gs
gov.gu
gov.gw
gov.gy
gov.hk
gov.hn
gov.ht
gov.hu
gov.ie
gov.il
gov.im
gov.in
gov.iq
gov.ir
gov.it
gov.je
gov.jm
gov.jo
gov.kh
gov.ki
gov.kn
gov.kr
gov.kw
gov.ky
gov.la
gov.lb
gov.lc
gov.lk
gov.lr
gov.ls
gov.lt
gov.lv
gov.ly
gov.ma
gov.me
gov.mg
gov.mk
gov.ml
gov.mm
gov.mn
gov.mo
gov.mp
gov.mr
gov.ms
gov.mt
gov.mu
gov.mv
gov.mw
gov.my
gov.mz
gov.na
gov.net
gov.nf
gov.ng
gov.np
gov.nr
gov.nu
gov.om
gov.org
gov.pf
gov.pg
gov.ph
gov.pk
gov.pl
gov.pn
gov.pr
gov.ps
gov.pt
gov.py
gov.qa
gov.ro
gov.rs
gov.ru
gov.rw
gov.sa
gov.sb
gov.sc
gov.sd
gov.se
gov.sg
gov.sh
gov.si
gov.sk
gov.sl
gov.spb.ru
gov.sr
gov.st
gov.sy
gov.sz
gov.tc
gov.tk
gov.tl
gov.tm
gov.tn
gov.to
gov.tp
gov.tr
gov.tt
gov.tw
gov.ua
gov.uk
gov.vc
gov.ve
gov.vg
gov.vi
gov.vn
gov.vu
gov.ws
gov.ye
gov.yu
gov.za
gov.zm
gov.zw
gr.md
grodno.by
grozny.ru
grozny.su
gu.gov.spb.ru
guza.gov.spb.ru
guzhakrgv.gov.spb.ru
gzhi.gov.spb.ru
h.gov.spb.ru
hi.gov.spb.ru
hn.md
hol.es
host082.gov.spb.ru
hr.gov.spb.ru
if.ua
in.ua
inf.ua
infacms.com
info.md
inno.gov.spb.ru
int.ru
invest.gov.spb.ru
iogv.gov.spb.ru
irk.ru
irkutsk.ru
isiao.gov.spb.ru
iss.gov.spb.ru
isuo.gov.spb.ru
isup.gov.spb.ru
ivano-frankivsk.ua
ivanovo.ru
ivanovo.su
izhevsk.ru
jamal.ru
jambyl.su
jar.ru
jimdo.com
joshkar-ola.ru
k-uralsk.ru
kalin.gov.spb.ru
kalmykia.ru
kalmykia.su
kaluga.ru
kaluga.su
kamchatka.ru
karacol.su
karaganda.su
karchiv.gov.spb.ru
karelia.ru
karelia.su
kazan.ru
kb.gov.spb.ru
kchr.ru
keio.gov.spb.ru
kemerovo.ru
kfis.gov.spb.ru
kfs.gov.spb.ru
kga.gov.spb.ru
kgfk.gov.spb.ru
kgiop.gov.spb.ru
kgs.gov.spb.ru
kgz.gov.spb.ru
kh.ua
khabarovsk.ru
khakassia.ru
khakassia.su
kharkov.ua
kherson.ua
khv.ru
kiev.ua
kir.gov.spb.ru
kirov.ru
kirovsky.gov.spb.ru
kirti.gov.spb.ru
kis.gov.spb.ru
kiz.gov.spb.ru
kki.gov.spb.ru
kkult.gov.spb.ru
km.ua
kmormp.gov.spb.ru
kms.ru
knsh.gov.spb.ru
knvsh.gov.spb.ru
knvsli.gov.spb.ru
ko.gov.spb.ru
kobr.gov.spb.ru
koenig.ru
kolp.gov.spb.ru
komi.ru
komi.su
kostroma.ru
kp.gov.spb.ru
kpmp.gov.spb.ru
kpoos.gov.spb.ru
kpress.gov.spb.ru
krasnodar.su
krasnoyarsk.ru
krgv.gov.spb.ru
kronshtadt.gov.spb.ru
krppr.gov.spb.ru
krsl.gov.spb.ru
krt.gov.spb.ru
krti.gov.spb.ru
ks.gov.spb.ru
ks.ua
ksp.gov.spb.ru
kt.gov.spb.ru
ktrud.gov.spb.ru
ktzn.gov.spb.ru
kuban.ru
kurgan.ru
kurgan.su
kurort.gov.spb.ru
kursk.ru
kustanai.ru
kustanai.su
kuzbass.ru
kv.gov.spb.ru
kvs.gov.spb.ru
kzags.gov.spb.ru
kzdrav.gov.spb.ru
kzr.gov.spb.ru
la.gov.spb.ru
lenug.su
letters.gov.spb.ru
lg.ua
lipetsk.ru
login.gov.spb.ru
lp.md
ltd.ua
ltd.uk
lugansk.ua
lutsk.ua
lv.md
lviv.ua
magadan.ru
magnitka.ru
mangyshlak.su
mari.ru
marine.ru
me.uk
med.gov.spb.ru
minsk.by
mk.ua
mkr.gov.spb.ru
mobr.gov.spb.ru
mogilev.by
mordovia.ru
mordovia.su
mosreg.ru
mozello.com
mozello.ru
mpa.gov.spb.ru
msk.ru
msk.su
murmansk.ru
murmansk.su
mytis.ru
nakhodka.ru
nalchik.ru
nalchik.su
nash.gov.spb.ru
navoi.su
ne.jp
net.au
net.br
net.cn
net.co
net.hr
net.id
net.il
net.in
net.nz
net.ph
net.pk
net.pl
net.ru
net.tw
net.ua
net.uk
net.vn
newdata.gov.spb.ru
nikolaev.ua
nkz.ru
nnov.ru
norilsk.ru
north-kazakhstan.su
nov.ru
nov.su
novosibirsk.ru
npa.gov.spb.ru
ns.md
nsk.ru
nsk.su
nvsh.gov.spb.ru
obninsk.su
obr.gov.spb.ru
oc.md
od.ua
odessa.ua
ola.ru
old.gov.spb.ru
olddata.gov.spb.ru
olimp.gov.spb.ru
omsk.ru
or.jp
or.md
orenburg.ru
org.ar
org.au
org.bd
org.br
org.by
org.cn
org.co
org.eg
org.es
org.hk
org.il
org.in
org.md
org.mx
org.my
org.ng
org.nz
org.pe
org.ph
org.pk
org.pl
org.rs
org.ru
org.sa
org.sg
org.tw
org.ua
org.uk
org.uy
org.ve
org.vn
org.za
oryol.ru
oskol.ru
palana.ru
pda.gov.spb.ru
pe.hu
penza.ru
penza.su
perm.ru
peter.gov.spb.ru
petr.gov.spb.ru
pl.ua
plc.uk
pokrovsk.su
poltava.ua
postman.ru
pp.ru
pp.ua
prim.gov.spb.ru
pskov.ru
ptz.ru
pushin.gov.spb.ru
pushkin.gov.spb.ru
pyatigorsk.ru
r.gov.spb.ru
rb.md
reestr-gis.gov.spb.ru
rek.gov.spb.ru
rem.gov.spb.ru
rnd.ru
rovno.ua
rprim.gov.spb.ru
rs.md
rsek.gov.spb.ru
ru.com
ru.net
rubtsovsk.ru
rukrti.gov.spb.ru
rv.ua
ryazan.ru
rz.md
sait.gov.spb.ru
sakhalin.ru
sakhalinsk.ru
samara.ru
saratov.ru
sch.uk
school635.gov.spb.ru
sd.md
sebastopol.ua
sfup.gov.spb.ru
sg.md
simbirsk.ru
site.gov.spb.ru
sl.md
smart.gov.spb.ru
smolensk.ru
snz.ru
sochi.su
spb.ru
spb.su
spbtourismdata.gov.spb.ru
spbtransport.gov.spb.ru
sr.md
st.md
stavropol.ru
stsland.ru
stv.ru
sumy.ua
surgut.ru
sv.md
syzran.ru
tagil.ru
tambov.ru
tarif.gov.spb.ru
tashkent.su
tatarstan.ru
tb.gov.spb.ru
te.ua
termez.su
ternopil.ua
testforumuvet.gov.spb.ru
testgorod.gov.spb.ru
tg.md
tl.md
togliatti.su
tom.ru
tomsk.ru
toris.gov.spb.ru
totiris.gov.spb.ru
tour.gov.spb.ru
tourism.gov.spb.ru
tr.gg
tr.md
troitsk.su
ts.md
ts6.ru
tsaritsyn.ru
tselinograd.su
tsk.ru
tucentr.gov.spb.ru
tula.ru
tula.su
tumos.gov.spb.ru
tunev.gov.spb.ru
tuva.ru
tuva.su
tver.ru
tyumen.ru
ucoz.es
ucoz.org
ude.ru
udm.ru
udmurtia.ru
ulan-ude.ru
un.md
uralsk.ru
url.ph
uspit.gov.spb.ru
usput.gov.spb.ru
uvd.gov.spb.ru
uvet.gov.spb.ru
uz.ua
uzhgorod.ua
vdonsk.ru
vinnica.ua
vitebsk.by
vl.md
vladikavkaz.ru
vladikavkaz.su
vladimir.ru
vladimir.su
vladivostok.ru
vn.ua
voadm.gov.spb.ru
volgograd.ru
vologda.ru
vologda.su
vorod.gov.spb.ru
voronezh.ru
vrn.ru
vub.gov.spb.ru
vyatka.ru
vyb.gov.spb.ru
wap.gov.spb.ru
weebly.com
wet.gov.spb.ru
wvvw.gov.spb.ru
wwv.gov.spb.ru
www.gov.spb.ru
wwweng.gov.spb.ru
wwwgorod.gov.spb.ru
xn---www-43dbgqqa6c9a2aqbgudw.gov.spb.ru
xn--b1apo4bb.gov.spb.ru
yakutia.ru
yakutia.su
yalta.ua
yamal.ru
yaroslavl.ru
yekaterinburg.ru
yuzhno-sakhalinsk.ru
zakon.gov.spb.ru
zaporizhzhe.ua
zdrav.gov.spb.ru
zgrad.ru
zp.ua
