4ms.me
4sq.com
accounts.google.com
adf.ly
appliances.wikimart.ru
ask.fm
auto.wikimart.ru
automobile.ru
ava.ua
bit.ly
biz-promo-info.ru
blogs.mail.ru
bzfrmt.ru
clck.ru
click01.begun.ru
click02.begun.ru
computers.wikimart.ru
content.oktogo.ru
dlvr.it
echo.msk.ru
en.wikipedia.org
fb.me
feedproxy.google.com
feeds.feedburner.com
forum.mp3zzz.ru
forum.rock.kiev.ua
foursquare.com
friendfeed.com
goo.gl
heatkeys.com
holodilnik.ru
instagr.am
is.gd
j.mp
kids.wikimart.ru
korrespondent.net
lenta.ru
li.ru
lockerz.com
network.adsmarket.com
news.mail.ru
news.rambler.ru
news.sport-express.ru
ow.ly
pics.livejournal.com
pixel.everesttech.net
podrobnosti.ua
rss.feedsportal.com
ru.1001hls.com
ru.wikipedia.org
ruliststore.com
shop.ankar.ru
softwaretopic.informer.com
soundcloud.com
sprashivai.ru
tinyurl.com
tl.gd
tmblr.co
top-loveplanet.ru
topsy.com
tr-tr.facebook.com
tr.wikipedia.org
tumblr.com
twitpic.com
twitter.com
twurl.nl
vimeo.com
vk.cc
vk.com
vkontakte.ru
www.amazon.com
www.automobile.ru
www.avito.ru
www.az495.ru
www.dailymotion.com
www.eksisozluk.com
www.facebook.com
www.flickr.com
www.formspring.me
www.gazeta.ru
www.itusozluk.com
www.izlesene.com
www.korporacia.ru
www.newsru.com
www.ozon.ru
www.rap.ru
www.ria.ru
www.sportlemon.tv
www.sports.ru
www.tripadvisor.ru
www.tumblr.com
www.turkcebilgi.com
www.twitlonger.com
www.uludagsozluk.com
www.vesti.ru
www.yandex.ru
www.youtube.com
yandex.ru
yfrog.com
youtu.be
zakyiv.com
zl4.ru
youtube.com
www.youtube.com
ask.fm
tmi.me
m.tmi.me
twitlonger.com
