0kn.com
0vr.net
1ink.ru
2cd.net
3ke.ru
4ms.me
4sq.com
6url.com
alturl.com
atu.ca
b23.ru
be.tf
beam.to
best.cd
bit.ly
boo.fm
bsd-fan.com
c0m.st
ca.tc
canurl.com
clan.st
clck.ru
cli.gs
com02.com
decenturl.com
digbig.com
dld.bz
dlvr.it
doiop.com
dwarfurl.com
en.st
ezurl.eu
f.ast.ly
fb.me
ff.im
fhurl.com
flic.kr
fly2.ws
fr.fm
fr.st
fr.vu
freebiefinders.net
freegaming.org
get-shorty.com
goo.gl
gr.st
ht.ly
ht.st
int.ms
is.gd
it.st
j.mp
java-fan.com
linux-fan.com
ln-s.ru
lnk.in
lnk.ms
mac-fan.com
memurl.com
microurl.ru
minilien.com
mons.ws
moourl.com
mp3.ms
murl.kz
mykp.ru
myloc.me
myurl.in
nanoref.com
ne1.net
notlong.com
nutshellurl.com
oi.com
on.cnn.com
op7.net
ow.ly
ping.fm
piurl.com
post.ly
qc.tc
r8.org
readthisurl.com
redirx.com
rly.cc
rubyurl.com
shim.net
shorl.com
short.ie
shurl.net
simurl.com
sitelutions.com
smallr.com
snipurl.com
song.ly
sp.st
starturl.com
suisse.st
t.co
t2u.com
tighturl.com
tinylink.com
tinyurl.com
tl.gd
tr.im
traceurl.com
twtr.com
twtr.ru
twurl.nl
unixlover.com
url.co.uk
url.ie
url.lotpatrol.com
urlcut.com
urlhawk.com
urlpire.com
urltea.com
urlvi.be
v9z.com
vk.cc
wapurl.co.uk
wl.gs
wp.me
x.se
xrl.us
yatuc.com
yfrog.com
youtu.be
zi.ma
zik.mu
