# Decimator data
Version: 1
Encoding: UTF-8

[Turkish]
MaxForms=100
A,sg,nom
A,sg,nom,poss-3p-sg
A,acc,sg
A,dat,sg
A,nom,pl
A,sg,nom,praes,predic-3p-sg
A,sg,gen
A,nom,pl,poss-3p-sg
A,nom,pl,poss-3p-pl
A,acc,pl
A,sg,nom,poss-3p-pl
A,pl,gen
A,sg,loc
A,sg,abl
A,sg,nom,praet,predic-3p-sg
A,dat,pl
A,sg,ins
A,acc,sg,poss-3p-sg
A,dat,sg,poss-3p-sg
A,pl,abl
A,sg,poss-3p-sg,gen
A,pl,ins
A,loc,pl
A,acc,pl,poss-3p-sg
A,pl,poss-3p-sg,gen
ADV
CONJ
INTJ
NUM,nom
NUM,acc
NUM,dat
NUM,loc
NUM,gen
NUM
NUM,abl
NUM,ins
PART
POSTP
POSTP,sg,nom
POSTP,nom
POSTP,sg,nom,poss-3p-sg
POSTP,sg,nom,poss-2p-sg
POSTP,sg,loc
POSTP,acc,sg,poss-2p-sg
POSTP,dat,sg
POSTP,loc
POSTP,dat
POSTP,sg,loc,poss-3p-sg
POSTP,sg,gen
POSTP,sg,abl
POSTP,praes,predic-3p-sg
POSTP,sg,poss-2p-sg,gen
POSTP,dat,sg,poss-3p-sg
POSTP,dat,sg,poss-2p-sg
POSTP,abl
POSTP,sg,nom,praes,predic-1p-sg
POSTP,nom,pl
POSTP,acc,sg
POSTP,sg,nom,poss-3p-pl
POSTP,nom,pl,poss-3p-sg
POSTP,acc,pl
POSTP,nom,pl,poss-3p-pl
POSTP,sg,loc,poss-2p-sg
POSTP,sg,nom,poss-1p-sg
POSTP,acc,sg,poss-3p-sg
POSTP,sg,poss-3p-sg,gen
POSTP,nom,pl,poss-2p-sg
POSTP,pl,gen
POSTP,sg,nom,praes,predic-2p-sg
POSTP,sg,evid,nom,predic-3p-sg
POSTP,sg,poss-3p-sg,ins
POSTP,loc,pl,poss-3p-sg
POSTP,loc,pl,poss-2p-sg
POSTP,loc,pl,poss-3p-pl
POSTP,sg,loc,poss-3p-pl
POSTP,praes,predic-1p-sg
POSTP,acc,sg,poss-1p-sg
POSTP,loc,poss-3p-sg
POSTP,loc,praes,predic-3p-sg
POSTP,loc,pl
POSTP,nom,poss-3p-sg
POSTP,nom,poss-1p-sg
POSTP,dat,poss-3p-sg
POSTP,sg,loc,poss-1p-sg
POSTP,acc,poss-3p-sg
POSTP,sg,loc,poss-1p-pl
POSTP,dat,sg,poss-2p-pl
POSTP,loc,praes,poss-3p-sg,predic-1p-pl
POSTP,loc,praes,poss-3p-sg,predic-3p-sg
POSTP,pl,ins
POSTP,nom,pl,praes,predic-1p-sg
POSTP,nom,pl,poss-1p-sg
POSTP,sg,nom,praes,poss-3p-sg,predic-3p-sg
POSTP,ins
POSTP,dat,sg,poss-1p-pl
POSTP,sg,loc,poss-2p-pl
POSTP,abl,poss-3p-sg
POSTP,nom,converb,pl
POSTP,sg,nom,praes,predic-3p-pl
POSTP,sg,nom,praes,poss-2p-sg,predic-1p-sg
POSTP,loc,poss-2p-sg
POSTP,loc,praes,poss-3p-sg,predic-1p-sg
S,sg,nom
S,sg,nom,poss-3p-sg
S,acc,sg
S,dat,sg
S,sg,gen
S,nom,pl
S,sg,loc
S,sg,nom,poss-3p-pl
S,sg,abl
S,nom,pl,poss-3p-sg
S,nom,pl,poss-3p-pl
S,acc,pl
S,deriv-A,sg
S,deriv-A,sg,nom
S,acc,sg,poss-3p-sg
S,dat,sg,poss-3p-sg
S,sg,ins
S,pl,gen
S,sg,poss-3p-sg,gen
S,dat,pl
S,sg,nom,praes,predic-3p-sg
S,sg,loc,poss-3p-sg
S,sg,abl,poss-3p-sg
S,acc,sg,poss-3p-pl
S,acc,pl,poss-3p-pl
S,acc,pl,poss-3p-sg
S,sg,poss-3p-pl,gen
S,pl,abl
S,dat,sg,poss-3p-pl
S,sg,poss-3p-sg,ins
S,pl,poss-3p-sg,gen
S,pl,poss-3p-pl,gen
S,loc,pl
S,dat,pl,poss-3p-sg
S,dat,pl,poss-3p-pl
S,pl,ins
S,sg,abl,poss-3p-pl
S,pl,abl,poss-3p-pl
S,pl,abl,poss-3p-sg
S,sg,nom,praes,poss-3p-sg,predic-3p-sg
S,sg,loc,poss-3p-pl
S,loc,pl,poss-3p-pl
S,loc,pl,poss-3p-sg
S,sg,nom,praet,predic-3p-sg
S,sg,poss-3p-pl,ins
S,pl,poss-3p-pl,ins
S,pl,poss-3p-sg,ins
S,sg,evid,nom,predic-3p-sg
S,nom,pl,praes,predic-3p-sg
S,sg,nom,poss-3p-sg,praet,predic-3p-sg
S,sg,nom,praes,poss-3p-pl,predic-3p-sg
S,nom,pl,praes,poss-3p-pl,predic-3p-sg
S,nom,pl,praes,poss-3p-sg,predic-3p-sg
S,nom,pl,praet,predic-3p-sg
S,sg,nom,converb
SPRO,nom
SPRO,sg,nom
SPRO,gen
SPRO,sg,nom,poss-3p-pl
SPRO,sg,nom,poss-3p-sg
SPRO,abl
SPRO,acc
SPRO,acc,sg
SPRO,dat
SPRO,dat,sg
SPRO,nom,pl
SPRO,sg,gen
SPRO,acc,sg,poss-3p-pl
SPRO,acc,sg,poss-3p-sg
SPRO,dat,sg,poss-3p-pl
SPRO,dat,sg,poss-3p-sg
SPRO,nom,pl,poss-3p-pl
SPRO,nom,pl,poss-3p-sg
SPRO,sg,poss-3p-sg,gen
SPRO,sg,poss-3p-pl,gen
SPRO,loc
SPRO,pl,gen
SPRO,sg,abl
SPRO,sg,loc
SPRO,acc,pl
SPRO,dat,pl
SPRO,sg,ins
SPRO,sg,loc,poss-3p-pl
SPRO,sg,loc,poss-3p-sg
SPRO,sg,abl,poss-3p-sg
SPRO,sg,abl,poss-3p-pl
SPRO,pl,poss-3p-pl,gen
SPRO,pl,poss-3p-sg,gen
SPRO,loc,pl
SPRO,ins
SPRO,acc,pl,poss-3p-pl
SPRO,acc,pl,poss-3p-sg
SPRO,sg,poss-3p-sg,ins
SPRO,sg,poss-3p-pl,ins
SPRO,dat,pl,poss-3p-pl
SPRO,dat,pl,poss-3p-sg
SPRO,pl,abl
SPRO,sg,nom,praes,predic-3p-sg
SPRO,pl,ins
SPRO
SPRO,nom,praes,predic-3p-sg
SPRO,pl,abl,poss-3p-sg
SPRO,pl,abl,poss-3p-pl
SPRO,loc,pl,poss-3p-pl
SPRO,loc,pl,poss-3p-sg
SPRO,sg,nom,praes,poss-3p-pl,predic-3p-sg
SPRO,sg,nom,praes,poss-3p-sg,predic-3p-sg
SPRO,sg,nom,praet,predic-3p-sg
SPRO,pl,poss-3p-sg,ins
SPRO,pl,poss-3p-pl,ins
SPRO,deriv-A,sg,nom
SPRO,nom,pl,praes,predic-3p-sg
SPRO,nom,poss-3p-sg
SPRO,sg,nom,predic-3p-sg,cond
SPRO,sg,evid,nom,predic-3p-sg
SPRO,evid,nom,predic-3p-sg
SPRO,sg,nom,poss-3p-pl,praet,predic-3p-sg
SPRO,sg,nom,poss-3p-sg,praet,predic-3p-sg
SPRO,poss-3p-sg,gen
SPRO,sg,nom,praes,poss-3p-sg,predic-2p-sg
SPRO,sg,nom,praes,poss-3p-pl,predic-2p-sg
SPRO,praet,gen,predic-3p-sg
SPRO,nom,pl,predic-3p-sg,cond
SPRO,loc,predic-3p-sg,cond
SPRO,nom,poss-3p-pl
SPRO,dat,poss-3p-sg
SPRO,nom,pl,praet,predic-3p-sg
SPRO,nom,praet,predic-3p-sg
SPRO,nom,pl,praes,poss-3p-sg,predic-3p-sg
SPRO,nom,pl,praes,poss-3p-pl,predic-3p-sg
SPRO,loc,praes,predic-3p-sg
SPRO,sg,evid,nom,poss-3p-sg,predic-3p-sg
SPRO,sg,evid,nom,poss-3p-pl,predic-3p-sg
SPRO,praes,predic-3p-sg
SPRO,deriv-A,acc,pl
V,2p,sg,imper
V,nom,inf
V,ger
V,2p,sg,imper,pass
V,nom,partcp
V,3p,sg,aor
V,neg
V,3p,sg,evid
V,2p,sg,neg,imper
V,sg,nom,partcp
V,3p,sg,praes
V,3p,fut,sg
V,3p,sg,praet
V,nom,poss-3p-sg,partcp
V,acc,partcp
V,2p,pl,imper
V,nom,inf,poss-3p-sg
V,3p,sg,neg,aor
V,praet,predic-3p-sg
V,inf,abl
V,nom,neg,partcp
V,acc,poss-2p-sg,partcp
V,acc,poss-3p-sg,partcp
V,dat,inf
V,ger,pass
V,3p,sg,opt
V,3p,sg,evid,pass
V,nom,neg,poss-3p-sg,partcp
V,acc,neg,partcp
V,3p,sg,evid,neg
V,inf,loc
V,3p,sg,praes,neg
V,3p,fut,sg,neg
V,sg,nom,neg,partcp
V,3p,sg,imper
V,nom,partcp,pass
V,3p,sg,neg,praet
V,converb,aor
V,acc,neg,poss-3p-sg,partcp
V,acc,neg,poss-2p-sg,partcp
V,acc,inf
V,ger,neg
V,nom,poss-3p-pl,partcp
V,sg,nom,partcp,pass
V,3p,pl,praes
V,nom,inf,neg
V,1p,sg,praet
V,nom,pl,partcp
V,inf,gen
V,inf,poss-2p-sg,gen
V,1p,pl,opt
V,acc,inf,poss-3p-sg
V,dat,inf,poss-3p-sg
V,3p,evid,pl
V,3p,fut,sg,pass
V,3p,sg,poten,aor
V,1p,pl,praet
V,3p,pl,praet
V,nom,poss-1p-sg,partcp
V,nom,inf,pass
V,inf,ins
V,dat,poss-3p-sg,partcp
V,dat,poss-2p-sg,partcp
V,nom,inf,poss-3p-sg,pass
V,1p,pl,praes
V,3p,sg,cond
V,evid,praet,predic-3p-sg
V,3p,pl,aor
V,nom,poss-3p-sg,partcp,pass
V,acc,partcp,pass
V,neg,praet,predic-3p-sg
V,acc,poss-3p-pl,partcp
V,aor,predic-3p-sg,cond
V,nom,inf,poss-3p-pl
V,2p,pl,neg,imper
V,3p,sg,praet,pass
V,nom,poss-1p-pl,partcp
V,1p,sg,praes
V,nom,poss-2p-pl,partcp
V,3p,sg,praes,pass
V,3p,sg,aor,pass
V,nom,inf,neg,poss-3p-sg
V,3p,fut,pl
V,inf,poss-3p-sg,gen
V,3p,sg,neg,aor,pass
V,2p,pl,praes
V,1p,sg,aor
V,3p,sg,opt,pass
V,acc,poss-2p-sg,partcp,pass
V,acc,poss-3p-sg,partcp,pass
V,3p,fut,sg,poten
ADVPRO
APRO,nom,sg
ART
POSTP,dat,poss-2p-sg
POSTP,loc,poss-2p-sg
POSTP,sg
S
S,abbr,nom
S,famn,nom,poss-3p-pl,sg
S,famn,nom,poss-3p-sg,sg
S,famn,nom,sg
S,geo,nom,pl
S,geo,nom,poss-3p-pl,sg
S,geo,nom,poss-3p-sg,sg
S,geo,nom,sg
V,inf

[Kazakh]
MaxForms=100
A,sg,nom
A,pl,nom
A,sg,poss-3p,nom
A,pl,gen
A,sg,acc
A,sg,dat
A,sg,gen
A,sg,poss-3p,acc
A,pl,poss-3p,nom
A,pl,dat
A,sg,ins
A,sg,elat
A,pl,acc
A,sg,poss-3p,gen
A,sg,poss-3p,dat
A,sg,loc
A,pl,elat
A,pl,poss-3p,acc
A,sg,poss-3p,elat
A,sg,poss-3p,ins
A,pl,ins
A,pl,poss-3p,gen
A,sg,poss-3p,loc
A,sg,poss-2p-sg,nom
A,sg,nom,predic-1p-pl
A,pl,poss-3p,dat
A,sg,poss-1p-pl,nom
A,pl,poss-3p,elat
A,sg,poss-1p-pl,dat
A,pl,poss-3p,loc
A,pl,loc
A,supr,sg,nom
A,sg,nom,predic-1p-sg
A,comp,nom
A,sg,poss-1p-sg,nom
A,sg,nom,predic-2p-sg
A,sg,poss-2p-pl,nom
A,sg,poss-2p-sg,acc
A,sg,poss-1p-pl,acc
A,sg,poss-3p,nom,predic-1p-pl
A,sg,nom,predic-2p-sg,hon
A,sg,poss-1p-pl,gen
A,sg,poss-1p-sg,acc
A,sg,poss-1p-sg,dat
A,pl,poss-2p-pl,nom
A,pl,poss-1p-pl,gen
A,sg,poss-1p-pl,elat
A,sg,nom,predic-2p-pl,hon
A,sg,poss-2p-pl,dat
A,pl,poss-3p,ins
A,pl,poss-2p-pl,acc
A,sg,poss-2p-pl,acc
A,pl,poss-1p-pl,nom
A,supr,sg,poss-3p,nom
A,sg,poss-1p-pl,ins
A,sg,poss-2p-sg,dat
A,sg,poss-2p-sg,gen
A,sg,nom,predic-2p-pl
A,pl,poss-3p,nom,predic-1p-pl
ANUM,sg,nom
ANUM,sg,poss-3p,nom
ANUM,sg,loc
ANUM,sg,poss-3p,acc
ANUM,sg,acc
ANUM,sg,poss-3p,loc
ANUM,sg,gen
ANUM,pl,nom
ANUM,pl,poss-3p,nom
ANUM,sg,poss-3p,dat
ANUM,sg,poss-3p,elat
ANUM,pl,gen
ANUM,sg,dat
ANUM,sg,poss-3p,gen
ANUM,sg,ins
ANUM,pl,poss-3p,gen
ANUM,sg,poss-3p,ins
ANUM,pl,poss-3p,dat
ANUM,sg,nom,predic-1p-sg
ANUM,pl,acc
ANUM,sg,nom,predic-2p-sg,hon
ANUM,sg,nom,predic-2p-sg
ANUM,pl,poss-3p,loc
ANUM,sg,nom,predic-1p-pl
ANUM,sg,poss-1p-pl,nom
ANUM,pl,loc
ANUM,pl,poss-3p,elat
ANUM,sg,poss-1p-pl,gen
ANUM,sg,poss-2p-sg,loc
ANUM,sg,poss-3p,nom,predic-1p-sg
ANUM,sg,poss-3p,acc,predic-2p-sg,hon
ANUM,sg,poss-1p-sg,nom
ANUM,sg,poss-2p-sg,nom
ANUM,pl,poss-3p,acc
ANUM,pl,dat
ANUM,sg,poss-2p-pl,nom
NUM,sg,nom
NUM,sg,gen
NUM,sg,dat
NUM,sg,acc
NUM,sg,loc
NUM,sg,poss-3p,acc
NUM,pl,nom
NUM,sg,poss-3p,nom
NUM,sg,poss-3p,dat
NUM,sg,elat
NUM,sg,poss-3p,loc
NUM,sg,poss-3p,gen
NUM,sg,poss-3p,elat
NUM,sg,poss-3p,ins
NUM,sg,poss-1p-sg,loc
NUM,sg,ins
NUM,sg,poss-1p-sg,nom
NUM,pl,dat
NUM,pl,gen
NUM,sg,poss-2p-sg,nom
NUM,pl,acc
NUM,pl,loc
NUM,sg,poss-2p-sg,loc
NUM,pl,elat
NUM,sg,poss-1p-pl,nom
NUM,sg,poss-2p-sg,acc
NUM,sg,poss-2p-pl,nom
NUM,pl,poss-3p,nom
NUM,sg,poss-1p-sg,acc
NUM,sg,poss-1p-pl,acc
NUM,sg,poss-1p-pl,dat
NUM,sg,poss-1p-sg,elat
NUM,pl,poss-3p,acc
NUM,sg,poss-1p-sg,dat
NUM,sg,poss-1p-sg,gen
NUM,sg,poss-2p-pl,gen
NUM,pl,poss-3p,dat
NUM,sg,poss-1p-pl,elat
NUM,sg,poss-2p-pl,dat
NUM,sg,poss-2p-sg,dat
NUM,sg,poss-2p-pl,acc
NUM,sg,poss-1p-pl,gen
NUM,sg,poss-2p-sg,ins
NUM,pl,poss-3p,loc
NUM,pl,poss-3p,elat
NUM,pl,poss-2p-sg,acc
NUM,sg,poss-1p-sg,ins
NUM,sg,poss-2p-sg,elat
NUM,pl,poss-3p,ins
NUM,sg,poss-2p-sg,gen
NUM,pl,poss-2p-sg,dat
NUM,pl,poss-2p-sg,gen
NUM,pl,ins
NUM,pl,poss-3p,gen
NUM,pl,poss-1p-pl,acc
NUM,sg,poss-2p-pl,elat
NUM,sg,poss-1p-pl,loc
NUM,pl,poss-1p-pl,nom
NUM,sg,poss-2p-pl,ins
NUM,sg,poss-1p-pl,ins
NUM,pl,poss-2p-pl,acc
NUM,pl,poss-2p-pl,ins
NUM,pl,poss-2p-sg,nom
NUM,pl,poss-2p-sg,ins
NUM,pl,poss-2p-pl,elat
NUM,pl,poss-2p-pl,dat
NUM,pl,poss-2p-sg,loc
NUM,pl,poss-1p-pl,dat
NUM,pl,poss-2p-sg,elat	
S,sg,nom
S,sg,gen
S,sg,poss-3p,nom
S,sg,acc
S,sg,dat
S,pl,nom
S,sg,poss-3p,acc
S,sg,loc
S,sg,ins
S,sg,elat
S,deriv-A
S,sg,poss-3p,dat
S,pl,gen
S,sg,poss-3p,gen
S,pl,poss-3p,nom
S,famn,sg,nom
S,pl,acc
S,sg,poss-3p,ins
S,pl,dat
S,sg,poss-3p,elat
S,pl,poss-3p,acc
S,sg,poss-2p-sg,nom
S,sg,poss-3p,loc
S,sg,poss-1p-sg,nom
S,pl,poss-3p,gen
S,sg,poss-1p-pl,nom
S,equat
S,pl,elat
S,pl,poss-3p,dat
S,pl,ins
S,pl,loc
S,sg,poss-3p,nom,predic-1p-pl
S,sg,nom,predic-2p-sg,hon
S,sg,nom,predic-1p-pl
S,pl,poss-3p,ins
S,pl,poss-3p,elat
S,sg,poss-2p-pl,nom
S,sg,poss-1p-sg,acc
S,pl,poss-3p,loc
S,famn,sg,gen
S,sg,poss-1p-pl,acc
S,sg,poss-2p-sg,acc
S,sg,poss-1p-sg,dat
S,sg,nom,predic-1p-sg
S,sg,poss-1p-pl,dat
S,sg,poss-1p-pl,gen
S,sg,poss-2p-sg,dat
S,sg,poss-1p-sg,gen
S,sg,nom,predic-2p-sg
S,sg,poss-2p-pl,acc
S,pl,poss-1p-pl,nom
S,pl,poss-3p,nom,predic-1p-pl
S,pl,poss-2p-sg,nom
S,sg,poss-1p-sg,loc
S,sg,poss-2p-pl,dat
S,sg,poss-2p-sg,loc
S,sg,poss-1p-sg,elat
S,sg,poss-1p-pl,loc
S,famn,sg,ins
S,sg,poss-2p-sg,gen
S,pl,poss-2p-pl,nom
S,sg,poss-2p-sg,elat
S,sg,poss-1p-pl,elat
S,pl,poss-1p-pl,acc
S,pl,poss-1p-sg,nom
S,sg,poss-1p-sg,ins
S,pl,poss-1p-pl,gen
S,sg,poss-2p-pl,gen
S,pl,poss-2p-sg,acc
S,sg,poss-1p-pl,ins
S,famn,sg,acc
S,sg,poss-2p-sg,ins
S,pl,poss-2p-pl,acc
S,sg,predic-poss
S,sg,poss-3p,nom,predic-1p-sg
S,pl,poss-1p-pl,dat
S,pl,poss-2p-pl,dat
S,sg,poss-2p-pl,loc
S,sg,nom,predic-2p-pl
S,pl,poss-2p-sg,dat
S,pl,poss-1p-sg,acc
S,sg,nom,predic-2p-pl,hon
S,sg,poss-2p-pl,elat
S,sg,loc,predic-1p-pl
S,sg,poss-2p-pl,ins
S,pl,poss-1p-sg,gen
S,pl,poss-2p-pl,gen
S,pl,nom,predic-2p-sg,hon
S,pl,poss-2p-sg,gen
S,famn,sg,elat
S,pl,poss-1p-sg,dat
S,sg,loc,predic-1p-sg
S,pl,poss-2p-sg,loc
S,pl,nom,predic-1p-pl
S,sg,poss-3p,nom,predic-2p-sg
S,pl,poss-2p-sg,elat
S,pl,poss-1p-pl,loc
S,pl,poss-1p-pl,elat
S,famn,sg,dat
S,pl,poss-1p-pl,ins
S,pl,predic-poss
S,pl,poss-2p-sg,ins
S,pl,poss-2p-pl,loc
S,sg,poss-3p,nom,predic-2p-sg,hon
S,pl,poss-2p-pl,elat
S,pl,poss-2p-pl,ins
S,sg,poss-1p-sg,nom,predic-2p-sg,hon
S,pl,poss-1p-sg,elat
S,sg,poss-1p-sg,nom,predic-2p-sg
S,famn,sg,predic-poss
S,pl,poss-1p-sg,ins
S,pl,poss-1p-sg,loc
S,sg,loc,predic-2p-sg
S,pl,nom,predic-2p-sg
S,sg,poss-2p-sg,nom,predic-1p-sg
S,sg,poss-3p,loc,predic-1p-pl
S,sg,poss-3p,loc,predic-1p-sg
S,pl,nom,predic-1p-sg
S,sg,loc,predic-2p-sg,hon
S,sg,elat,predic-1p-sg
S,famn,sg,loc
S,sg,poss-3p,nom,predic-2p-pl
S,sg,poss-2p-sg,nom,predic-2p-sg,hon
S,sg,poss-3p,elat,predic-1p-sg
S,sg,elat,predic-1p-pl
S,sg,poss-3p,loc,predic-2p-sg
S,sg,loc,predic-2p-pl
S,sg,loc,predic-2p-pl,hon
S,sg,poss-3p,elat,predic-1p-pl
S,pl,nom,predic-2p-pl,hon
S,sg,elat,predic-2p-sg,hon
S,pl,nom,predic-2p-pl
S,deriv-A,loc
S,deriv-A,elat
S,sg,poss-1p-sg,loc,predic-2p-sg
S,sg,poss-2p-sg,loc,predic-1p-sg
S,pl,poss-3p,nom,predic-2p-pl
S,sg,elat,predic-2p-sg
S,sg,poss-1p-sg,nom,predic-2p-pl,hon
S,sg,poss-1p-sg,nom,predic-1p-pl
S,sg,poss-1p-pl,nom,predic-2p-sg,hon
S,sg,poss-1p-sg,nom,predic-1p-sg
S,sg,poss-2p-sg,nom,predic-1p-pl
S,sg,poss-3p,loc,predic-2p-sg,hon
S,sg,poss-1p-sg,nom,predic-2p-pl
S,sg,poss-1p-sg,loc,predic-1p-sg		
SPRO,nom
SPRO,loc
SPRO,dat
SPRO,acc
SPRO,gen
SPRO,elat
SPRO,ins
SPRO,poss-3p,nom
SPRO,deriv-A
SPRO,poss-3p,acc
SPRO,poss-1p-pl,nom
SPRO,sg,nom
SPRO,sg,gen
SPRO,predic-poss
SPRO,sg,poss-3p,nom
SPRO,pl,poss-2p-sg,nom
SPRO,poss-3p,loc
SPRO,poss-3p,ins
SPRO,poss-1p-pl,gen
SPRO,poss-3p,gen
SPRO,sg,poss-2p-sg,nom
SPRO,pl,poss-3p,nom
SPRO,sg,poss-3p,dat
SPRO,sg,ins
SPRO,poss-2p-pl,nom
SPRO,equat,nom
SPRO,pl,nom
SPRO,sg,poss-2p-sg,acc
SPRO,pl,dat
SPRO,sg,poss-1p-pl,nom
SPRO,pl,loc
SPRO,pl,poss-2p-pl,nom
SPRO,pl,acc
SPRO,pl,poss-3p,acc
SPRO,sg,loc
SPRO,pl,elat
SPRO,pl,gen
SPRO,sg,poss-3p,acc
SPRO,sg,poss-1p-sg,nom
SPRO,pl,ins
SPRO,poss-3p,dat
SPRO,sg,acc
SPRO,poss-3p,elat
SPRO,poss-2p-sg,dat
SPRO,equat,elat
SPRO,pl,poss-3p,gen
SPRO,sg,poss-2p-pl,nom
SPRO,equat,loc
SPRO,sg,elat
SPRO,sg,poss-3p,loc
SPRO,sg,poss-3p,ins
SPRO,poss-2p-sg,acc
SPRO,poss-2p-sg,nom
SPRO,pl,poss-2p-sg,acc
SPRO,sg,poss-2p-sg,loc
SPRO,pl,predic-poss
SPRO,sg,poss-1p-sg,dat
SPRO,sg,poss-2p-sg,dat
SPRO,pl,poss-2p-sg,dat
SPRO,poss-1p-sg,nom
SPRO,poss-2p-sg,gen
SPRO,pl,poss-2p-sg,gen
SPRO,poss-1p-pl,dat
SPRO,sg,poss-1p-sg,acc
SPRO,sg,poss-2p-pl,dat
SPRO,sg,poss-2p-sg,gen
SPRO,pl,poss-3p,dat
SPRO,sg,poss-1p-pl,acc
SPRO,sg,poss-1p-sg,loc
SPRO,equat,dat
SPRO,poss-1p-pl,acc
SPRO,pl,poss-2p-sg,ins
SPRO,sg,poss-2p-sg,ins
SPRO,equat,acc
SPRO,sg,poss-2p-pl,gen
SPRO,sg,poss-1p-pl,dat
SPRO,pl,poss-3p,ins
SPRO,sg,poss-3p,elat
SPRO,sg,poss-2p-pl,acc
SPRO,pl,poss-2p-pl,dat
SPRO,sg,dat
SPRO,pl,poss-3p,elat
SPRO,poss-2p-sg,elat
SPRO,sg,poss-2p-pl,elat
SPRO,pl,poss-1p-sg,acc
SPRO,sg,poss-1p-sg,elat
SPRO,sg,poss-3p,gen
SPRO,sg,predic-poss
SPRO,poss-1p-pl,elat
SPRO,sg,poss-1p-pl,elat
SPRO,poss-2p-pl,acc
SPRO,sg,poss-2p-sg,elat
SPRO,sg,poss-1p-pl,gen
SPRO,poss-1p-pl,loc
SPRO,poss-2p-pl,dat
SPRO,equat,gen
SPRO,pl,poss-1p-pl,gen
SPRO,equat,ins
SPRO,sg,poss-1p-sg,ins
SPRO,sg,poss-1p-pl,loc
SPRO,pl,poss-1p-pl,nom
SPRO,sg,poss-2p-pl,ins
SPRO,sg,poss-1p-pl,ins
SPRO,poss-2p-pl,elat
SPRO,pl,poss-1p-pl,dat
SPRO,poss-2p-sg,loc
SPRO,pl,poss-1p-pl,acc
SPRO,poss-2p-pl,gen
SPRO,sg,poss-1p-sg,gen
SPRO,poss-2p-pl,loc
SPRO,poss-1p-pl,ins
SPRO,poss-2p-sg,ins
SPRO,pl,poss-1p-sg,elat
SPRO,poss-1p-sg,dat
SPRO,pl,poss-1p-pl,elat
SPRO,pl,poss-2p-sg,elat
SPRO,pl,poss-1p-pl,ins
SPRO,pl,poss-1p-sg,dat
SPRO,pl,poss-1p-sg,nom
SPRO,sg,poss-2p-pl,loc
SPRO,pl,poss-2p-pl,ins
SPRO,pl,poss-2p-pl,elat
SPRO,sg,poss-1p-sg,predic-poss
SPRO,pl,poss-3p,loc
SPRO,pl,poss-2p-pl,gen
SPRO,pl,poss-3p,predic-poss
SPRO,pl,poss-2p-pl,acc
SPRO,pl,poss-2p-pl,loc
SPRO,sg,poss-3p,predic-poss
SPRO,sg,poss-1p-pl,predic-poss
SPRO,sg,poss-2p-sg,predic-poss
SPRO,pl,poss-2p-sg,loc
V,converb
V,partcp,sg,nom
V,partcp,sg,dat
V,inpraes
V,inpraes,3p
V,praet,intent,3p
V,partcp,praet,sg,nom
V,partcp,sg,poss-3p,nom
V,partcp,praes,sg,nom
V,aor,3p
V,praet,3p
V,imper,2p,sg
V,3p
V,partcp,sg,gen
V,partcp,sg,acc
V,neg,converb
V,partcp,fut,nom
V,partcp,fut,sg,nom
V,fut,3p
V,cond,3p
V,partcp,sg,loc
V,neg,praes
V,pass,converb
V,partcp,sg,poss-3p,dat
V,partcp,praet,sg,loc
V,partcp,praet,sg,poss-3p,nom
V,partcp,sg,elat
V,partcp,sg,poss-3p,acc
V,neg,praes,3p
V,partcp,pl,nom
V,partcp,praet,sg,poss-3p,acc
V,partcp,sg,ins
V,neg,praet,intent,3p
V,neg,partcp,praet,sg,nom
V,praet,evid,3p
V,inpraes,1p,pl
V,praet,1p,pl
V,fut,intent,3p
V,inpraes,1p,sg
V,partcp,praet,converb
V,praet,1p,sg
V,partcp,praes,converb
V,partcp,praet,sg,elat
V,neg,imper,2p,sg
V,partcp,sg,poss-3p,gen
V,partcp,praes,sg,poss-3p,acc
V,neg,partcp,praes,sg,nom
V,neg,aor,3p
V,pass,praet,intent,3p
V,pass,partcp,praet,sg,nom
V,partcp,praes,sg,poss-3p,nom
V,partcp,praet,equat
V,neg,cond,3p
V,imper,3p,pl
V,imper,3p,sg
V,partcp,sg,poss-3p,ins
V,partcp,sg,poss-3p,elat
V,partcp,fut,sg,poss-3p
V,partcp,fut,poss-3p,nom
V,pass,inpraes,3p
V,fut,neg,sg,nom
V,fut,neg,3p
V,cond,1p,pl
V,neg,praet,3p
V,partcp,praet,pl,nom
V,imper,1p,sg
V,inpraes,2p,sg
V,imper,1p,pl
V,partcp,pl,gen
V,opt,3p,sg
V,praet,2p,sg
V,pass,praet,3p
V,partcp,praet,sg,poss-3p,dat
V,partcp,praes,equat
V,partcp,pl,poss-3p,nom
V,partcp,sg,poss-1p-pl,nom
V,cond,1p,sg
V,cond,2p,sg
V,partcp,praet,sg,poss-3p,ins
V,partcp,fut,poss-3p,acc
V,pass,aor,3p
V,pass,partcp,praes,sg,nom
V,partcp,sg,poss-3p,loc
V,pass,partcp,sg,poss-3p,nom
V,partcp,praet,sg,dat
V,pass,imper,2p,sg
V,pass,partcp,sg,nom
V,partcp,praet,sg,ins
V,imper,2p,sg,hon
V,neg,imper,3p,pl
V,neg,imper,3p,sg
V,fut,neg,sg,poss-3p,acc
V,imper,2p,pl,hon
V,pass,inpraes
V,partcp,pl,acc
V,partcp,praet,sg,converb
V,partcp,praet,sg,acc
V,partcp,pl,dat
V,partcp,praet,pl,gen
V,partcp,fut,loc
V,inpraes,2p,sg,hon
V,partcp,fut,sg,gen
V,partcp,fut,gen
V,partcp,praes,pl,nom
V,partcp,fut,dat
V,partcp,praes,sg,poss-3p,dat
V,partcp,fut,poss-3p,dat
V,partcp,fut,acc
V,neg,praes,1p,pl
V,neg,praes,1p,sg
V,opt,1p,sg
V,pass,neg,partcp,praet,sg,nom
V,pass,neg,praet,intent,3p
V,partcp,fut,elat
V,partcp,praet,sg,poss-1p-sg,nom
V,pass,cond,3p
V,fut,neg,sg,elat
V,partcp,praet,pl,poss-3p,nom
V,partcp,pl,poss-3p,dat
V,cond,2p,sg,hon
V,neg,partcp,praes,converb
V,partcp,praet,sg,gen
V,fut,neg,sg,poss-3p,nom
V,fut,neg,sg,poss-3p
V,partcp,praet,sg,poss-1p-pl,nom
V,neg,partcp,praet,sg,poss-3p,nom
V,pass,partcp,sg,poss-3p,dat
V,pass,neg,converb
V,partcp,pl,poss-3p,acc
V,neg,partcp,praes,sg,poss-3p,acc
V,partcp,praet,sg,poss-2p-sg,nom
V,partcp,fut,poss-3p,gen
V,deriv-A
V,partcp,sg,poss-1p-sg,nom
V,pass,neg,praes
V,partcp,praes,sg,converb
V,pass,partcp,praet,sg,poss-3p,nom
V,neg,partcp,praet,sg,poss-3p,acc
V,praet,2p,sg,hon
V,pass,neg,praes,3p
V,pass,partcp,praet,sg,poss-3p,acc
V,pass,partcp,praet,converb
V,pass,partcp,sg,poss-3p,acc
V,partcp,pl,elat
V,pass,partcp,sg,dat
V,pass,partcp,sg,loc
V,partcp,pl,poss-3p,gen
V,pass,partcp,fut,sg,nom
V,pass,partcp,fut,nom
V,pass,fut,3p
V,partcp,fut,ins
V,neg,partcp,praes,sg,poss-3p,nom
V,partcp,praet,pl,poss-3p,acc
V,fut,neg,sg,dat
V,partcp,sg,poss-2p-sg,nom
V,neg,partcp,praet,sg,loc
V,neg,partcp,praet,converb
V,neg,cond,1p,pl
V,partcp,praet,pl,dat
V,partcp,praet,pl,acc
V,partcp,fut,poss-3p,loc
V,inpraes,2p,pl
V,neg,cond,2p,sg
V,praet,intent,1p,pl
V,partcp,fut,poss-3p,elat
V,partcp,praet,sg,poss-3p,elat
V,pass,partcp,praet,sg,loc
V,neg,imper,2p,sg,hon
V,neg,praet,evid,3p
V,neg,praes,2p,sg
V,imper,2p,pl
V,pass,partcp,praet,sg,elat
V,praet,intent,1p,sg
V,pass,partcp,praes,converb
V,pass,praet,evid,3p
V,fut,2p,sg
V,pass,fut,intent,3p
V,partcp,pl,ins
V,partcp,fut,poss-3p,ins
V,neg,praet,1p,sg
V,opt,1p,pl
V,pass,partcp,praes,sg,poss-3p,acc
V,neg,partcp,praet,sg,converb
V,neg,imper,2p,pl,hon
V,pass,partcp,sg,poss-3p,gen
V,partcp,praet,sg,poss-3p,gen
V,pass,neg,partcp,praes,sg,nom
V,pass,neg,aor,3p
V,neg,imper,1p,pl
V,opt,2p,sg
V,inpraes,2p,pl,hon
V,pass,partcp,praes,sg,poss-3p,nom
V,partcp,praes,pl,gen
V,partcp,sg,poss-1p-pl,dat
V,partcp,praet,sg,poss-2p-pl,nom
V,partcp,sg,poss-1p-sg,dat
V,fut,1p,sg
V,neg,partcp,praes,equat
V,pass,neg,cond,3p
V,fut,neg,sg,poss-3p,dat
V,aor,1p,pl
V,partcp,praet,sg,poss-1p-sg,acc
V,pass,partcp,sg,poss-3p,ins
V,cond,2p,pl
V,pass,imper,3p,pl
V,pass,imper,3p,sg
V,fut,1p,pl
V,pass,partcp,praet,sg,poss-3p,dat
V,2p,sg,hon
V,partcp,praes,pl,poss-3p,acc
V,partcp,praes,pl,poss-3p,nom
V,pass,neg,praet,3p
V,partcp,fut,poss-1p-pl,nom
V,neg,cond,1p,sg
V,partcp,praet,sg,poss-1p-sg,dat
V,partcp,sg,poss-2p-pl,nom
V,partcp,praes,sg,poss-1p-pl,nom
V,partcp,praet,sg,poss-3p,loc
V,neg,praet,1p,pl
V,neg,partcp,praet,sg,poss-3p,dat
V,partcp,fut,poss-1p-sg,nom
V,pass,partcp,praet,equat
V,pass,partcp,sg,poss-3p,elat
V,pass,partcp,praet,sg,poss-3p,ins
V,cond,2p,pl,hon
V,partcp,pl,loc
V,pass,partcp,praet,sg,converb
V,fut,intent,1p,pl
V,aor,1p,sg
V,praet,2p,pl
V,pass,partcp,sg,gen
V,partcp,fut,poss-2p-sg,nom
V,pass,partcp,fut,sg,poss-3p
V,pass,partcp,fut,poss-3p,nom
V,pass,praet,1p,pl
V,1p,pl
V,1p,sg
V,pass,imper,2p,pl,hon
V,fut,neg,sg,poss-3p,gen
V,pass,praet,2p,sg
V,pass,partcp,fut,sg,gen
V,pass,partcp,fut,gen
V,fut,neg,sg,poss-3p,loc
V,2p,sg
V,partcp,pl,poss-3p,loc
V,pass,partcp,fut,dat
V,praet,evid,2p,sg,hon
V,partcp,fut,pl,nom
V,pass,partcp,fut,poss-3p,gen
V,pass,partcp,fut,acc
V,pass,partcp,fut,poss-3p,acc
V,pass,praet,1p,sg
V,fut,neg,sg,poss-3p,ins
V,fut,neg,sg,poss-3p,elat
V,pass,partcp,fut,poss-3p,loc
V,pass,partcp,praet,pl,nom
V,2p,pl,hon
V,pass,partcp,sg,acc
V,pass,partcp,fut,poss-3p,dat
V,pass,partcp,fut,loc
V,pass,inpraes,1p,pl
V,partcp,fut,pl,poss-3p
V,pass,inpraes,1p,sg
V,pass,fut,neg,3p
V,pass,fut,neg,sg,nom
V,partcp,praet,sg,poss-1p-sg,loc
V,partcp,fut,poss-1p-sg,acc
V,neg,praes,2p,sg,hon
V,partcp,praes,sg,poss-2p-sg,nom
V,pass,partcp,praet,pl,gen
V,pass,neg,imper,2p,sg
V,pass,partcp,praet,pl,poss-3p,nom
V,fut,2p,sg,hon
V,pass,partcp,praet,sg,dat

